
> git-givers@0.1.0 test
> vitest run tests/api/webhooks.test.ts


[1m[46m RUN [49m[22m [36mv4.0.15 [39m[90mC:/Users/yamadarikuto/Mycode/git-karma[39m

[90mstdout[2m | tests/api/webhooks.test.ts[2m > [22m[2mAPI /api/webhooks/github[2m > [22m[2mshould return 401 if signature is missing
[22m[39mSecret in test: test_secret

 [31m笶ｯ[39m tests/api/webhooks.test.ts [2m([22m[2m2 tests[22m[2m | [22m[31m2 failed[39m[2m)[22m[32m 18[2mms[22m[39m
[31m     [31mﾃ・[31m should return 401 if signature is missing[39m[32m 14[2mms[22m[39m
[31m     [31mﾃ・[31m should process a merged PR and payout karma[39m[32m 2[2mms[22m[39m

[2m Test Files [22m [1m[31m1 failed[39m[22m[90m (1)[39m
[2m      Tests [22m [1m[31m2 failed[39m[22m[90m (2)[39m
[2m   Start at [22m 19:15:05
[2m   Duration [22m 2.12s[2m (transform 197ms, setup 264ms, import 298ms, tests 18ms, environment 1.20s)[22m

